export const snapshot = {};

snapshot[`generateRSS 1`] = `
'<?xml version="1.0" encoding="UTF-8"?>
<rss version="2.0" xmlns:atom="http://www.w3.org/2005/Atom" xmlns:content="http://purl.org/rss/1.0/modules/content/" xmlns:dc="http://purl.org/dc/elements/1.1/" xmlns:slash="http://purl.org/rss/1.0/modules/slash/">
  <channel>
    <title>Example Web</title>
    <description><![CDATA[Example description]]></description>
    <link>https://example.com</link>
    <category>sports</category>
    <category>politics</category>
    <category>technology</category>
    <copyright>Example Web</copyright>
    <language>en</language>
    <ttl>60</ttl>
    <item>
      <title>Example Title 1</title>
      <description><![CDATA[Example description]]></description>
      <content:encoded><![CDATA[<p>Example content</p>]]></content:encoded>
      <link>https://example.com/articles/1</link>
      <guid isPermaLink="true">https://example.com/articles/1</guid>
      <pubDate>Sun, 27 Apr 2025 03:24:20 GMT</pubDate>
    </item>
    <item>
      <title>Example Title 2</title>
      <description><![CDATA[Example description]]></description>
      <content:encoded><![CDATA[<p>Example content</p>]]></content:encoded>
      <link>https://example.com/articles/2</link>
      <guid isPermaLink="true">https://example.com/articles/2</guid>
      <pubDate>Sun, 27 Apr 2025 03:24:20 GMT</pubDate>
    </item>
  </channel>
</rss>'
`;
